// Jest Snapshot v1, https://goo.gl/fbAQLP

exports[`render Advisor 1`] = `
<WithStyles(TableRow)>
  <WithStyles(TableCell)>
    Merey Zholdas
  </WithStyles(TableCell)>
  <WithStyles(TableCell)>
    Kazakh
  </WithStyles(TableCell)>
  <WithStyles(TableCell)>
    online
  </WithStyles(TableCell)>
  <WithStyles(TableCell)
    align="right"
  >
    4
  </WithStyles(TableCell)>
</WithStyles(TableRow)>
`;
