// Jest Snapshot v1, https://goo.gl/fbAQLP

exports[`render Advisor 1`] = `
<Advisor
  advisor={
    Object {
      "fullName": "Merey Zholdas",
      "id": 1,
      "language": "Kazakh",
      "reviews": 4,
      "status": "online",
    }
  }
  classes={
    Object {
      "tableCell": "Advisor-tableCell-1",
    }
  }
/>
`;
