// Jest Snapshot v1, https://goo.gl/fbAQLP

exports[`render AdvisorTableHead 1`] = `
<AdvisorTableHead
  classes={
    Object {
      "tableCell": "AdvisorTableHead-tableCell-1",
    }
  }
  filter={
    Object {
      "language": "all",
      "sortBy": "reviews",
      "sortDirection": "desc",
      "status": "all",
    }
  }
  sortHandler={[Function]}
/>
`;
